{
    "BUCKET_NAME": {
        "lifecycle": [],
        "tag": []
    }
}
